#-----------------------------------------------------------
# Vivado v2018.2 (64-bit)
# SW Build 2258646 on Thu Jun 14 20:03:12 MDT 2018
# IP Build 2256618 on Thu Jun 14 22:10:49 MDT 2018
# Start of session at: Fri Jun 21 14:41:28 2024
# Process ID: 17676
# Current directory: C:/3_ugers_projekt/LC3_Computer
# Command line: vivado.exe -gui_launcher_event rodinguilauncherevent11340 C:\3_ugers_projekt\LC3_Computer\LC3_Computer.xpr
# Log file: C:/3_ugers_projekt/LC3_Computer/vivado.log
# Journal file: C:/3_ugers_projekt/LC3_Computer\vivado.jou
#-----------------------------------------------------------
start_gui
open_project C:/3_ugers_projekt/LC3_Computer/LC3_Computer.xpr
update_compile_order -fileset sources_1
reset_run synth_1
launch_runs impl_1 -to_step write_bitstream -jobs 8
wait_on_run impl_1
reset_run synth_1
launch_runs impl_1 -to_step write_bitstream -jobs 8
wait_on_run impl_1
reset_run synth_1
launch_runs impl_1 -to_step write_bitstream -jobs 8
wait_on_run impl_1
reset_run synth_1
launch_runs impl_1 -to_step write_bitstream -jobs 8
wait_on_run impl_1
update_compile_order -fileset sources_1
update_compile_order -fileset sources_1
import_files -norecurse {C:/fpga_vhdl_src/fpga_vhdl_src/ch07/list_ch07_01_uart_rx.vhd C:/fpga_vhdl_src/fpga_vhdl_src/ch07/list_ch07_03_uart_tx.vhd C:/fpga_vhdl_src/fpga_vhdl_src/ch07/list_ch07_02_flag.vhd C:/fpga_vhdl_src/fpga_vhdl_src/ch07/list_ch07_04_uart.vhd}
update_compile_order -fileset sources_1
import_files -norecurse C:/fpga_vhdl_src/fpga_vhdl_src/ch04/list_ch04_11_mod_m.vhd
update_compile_order -fileset sources_1
import_files -norecurse C:/fpga_vhdl_src/fpga_vhdl_src/ch04/list_ch04_20_fifo.vhd
update_compile_order -fileset sources_1
update_compile_order -fileset sources_1
reset_run synth_1
launch_runs impl_1 -to_step write_bitstream -jobs 8
wait_on_run impl_1
reset_run impl_1 -prev_step 
launch_runs impl_1 -to_step write_bitstream -jobs 8
wait_on_run impl_1
reset_run synth_1
launch_runs impl_1 -to_step write_bitstream -jobs 8
wait_on_run impl_1
